##############################
########## native ###########
##############################

####################
###### CPUINFO #####
####################
processor	: 0
vendor_id	: GenuineIntel
cpu family	: 6
model		: 158
model name	: Intel(R) Core(TM) i7-7700K CPU @ 4.20GHz
stepping	: 9
microcode	: 0x8e
cpu MHz		: 4500.410
cache size	: 8192 KB
physical id	: 0
siblings	: 8
core id		: 0
cpu cores	: 4
apicid		: 0
initial apicid	: 0
fpu		: yes
fpu_exception	: yes
cpuid level	: 22
wp		: yes
flags		: fpu vme de pse tsc msr pae mce cx8 apic sep mtrr pge mca cmov pat pse36 clflush dts acpi mmx fxsr sse sse2 ss ht tm pbe syscall nx pdpe1gb rdtscp lm constant_tsc art arch_perfmon pebs bts rep_good nopl xtopology nonstop_tsc cpuid aperfmperf tsc_known_freq pni pclmulqdq dtes64 monitor ds_cpl vmx est tm2 ssse3 sdbg fma cx16 xtpr pdcm pcid sse4_1 sse4_2 x2apic movbe popcnt tsc_deadline_timer aes xsave avx f16c rdrand lahf_lm abm 3dnowprefetch cpuid_fault epb invpcid_single pti ssbd ibrs ibpb stibp tpr_shadow vnmi flexpriority ept vpid fsgsbase tsc_adjust bmi1 hle avx2 smep bmi2 erms invpcid rtm mpx rdseed adx smap clflushopt intel_pt xsaveopt xsavec xgetbv1 xsaves dtherm ida arat pln pts hwp hwp_notify hwp_act_window hwp_epp flush_l1d
bugs		: cpu_meltdown spectre_v1 spectre_v2 spec_store_bypass l1tf
bogomips	: 8400.00
clflush size	: 64
cache_alignment	: 64
address sizes	: 39 bits physical, 48 bits virtual
power management:

####################
###### CPU DEV #####
####################
# dmidecode 3.1
Getting SMBIOS data from sysfs.
SMBIOS 3.0.0 present.

Handle 0x004E, DMI type 4, 48 bytes
Processor Information
	Socket Designation: LGA1151
	Type: Central Processor
	Family: Core i7
	Manufacturer: Intel(R) Corporation
	ID: E9 06 09 00 FF FB EB BF
	Signature: Type 0, Family 6, Model 158, Stepping 9
	Flags:
		FPU (Floating-point unit on-chip)
		VME (Virtual mode extension)
		DE (Debugging extension)
		PSE (Page size extension)
		TSC (Time stamp counter)
		MSR (Model specific registers)
		PAE (Physical address extension)
		MCE (Machine check exception)
		CX8 (CMPXCHG8 instruction supported)
		APIC (On-chip APIC hardware supported)
		SEP (Fast system call)
		MTRR (Memory type range registers)
		PGE (Page global enable)
		MCA (Machine check architecture)
		CMOV (Conditional move instruction supported)
		PAT (Page attribute table)
		PSE-36 (36-bit page size extension)
		CLFSH (CLFLUSH instruction supported)
		DS (Debug store)
		ACPI (ACPI supported)
		MMX (MMX technology supported)
		FXSR (FXSAVE and FXSTOR instructions supported)
		SSE (Streaming SIMD extensions)
		SSE2 (Streaming SIMD extensions 2)
		SS (Self-snoop)
		HTT (Multi-threading)
		TM (Thermal monitor supported)
		PBE (Pending break enabled)
	Version: Intel(R) Core(TM) i7-7700K CPU @ 4.20GHz
	Voltage: 1.1 V
	External Clock: 100 MHz
	Max Speed: 8300 MHz
	Current Speed: 4200 MHz
	Status: Populated, Enabled
	Upgrade: Other
	L1 Cache Handle: 0x004B
	L2 Cache Handle: 0x004C
	L3 Cache Handle: 0x004D
	Serial Number: To Be Filled By O.E.M.
	Asset Tag: To Be Filled By O.E.M.
	Part Number: To Be Filled By O.E.M.
	Core Count: 4
	Core Enabled: 4
	Thread Count: 8
	Characteristics:
		64-bit capable
		Multi-Core
		Hardware Thread
		Execute Protection
		Enhanced Virtualization
		Power/Performance Control


####################
###### MEMINFO #####
####################
MemTotal:       16354564 kB
MemFree:         6842584 kB
MemAvailable:   12395024 kB
Buffers:          394700 kB
Cached:          5321576 kB
SwapCached:            0 kB
Active:          5449476 kB
Inactive:        3110976 kB
Active(anon):    2847068 kB
Inactive(anon):   248740 kB
Active(file):    2602408 kB
Inactive(file):  2862236 kB
Unevictable:          80 kB
Mlocked:              80 kB
SwapTotal:             0 kB
SwapFree:              0 kB
Dirty:              5772 kB
Writeback:             0 kB
AnonPages:       2843900 kB
Mapped:          1172996 kB
Shmem:            251628 kB
Slab:             641956 kB
SReclaimable:     428988 kB
SUnreclaim:       212968 kB
KernelStack:       18596 kB
PageTables:        68560 kB
NFS_Unstable:          0 kB
Bounce:                0 kB
WritebackTmp:          0 kB
CommitLimit:     8177280 kB
Committed_AS:   10283636 kB
VmallocTotal:   34359738367 kB
VmallocUsed:           0 kB
VmallocChunk:          0 kB
HardwareCorrupted:     0 kB
AnonHugePages:         0 kB
ShmemHugePages:        0 kB
ShmemPmdMapped:        0 kB
CmaTotal:              0 kB
CmaFree:               0 kB
HugePages_Total:       0
HugePages_Free:        0
HugePages_Rsvd:        0
HugePages_Surp:        0
Hugepagesize:       2048 kB
DirectMap4k:      707480 kB
DirectMap2M:    15998976 kB
DirectMap1G:           0 kB

####################
###### MEM DEV #####
####################
# dmidecode 3.1
Getting SMBIOS data from sysfs.
SMBIOS 3.0.0 present.

Handle 0x0046, DMI type 17, 40 bytes
Memory Device
	Array Handle: 0x0045
	Error Information Handle: Not Provided
	Total Width: Unknown
	Data Width: Unknown
	Size: No Module Installed
	Form Factor: Unknown
	Set: None
	Locator: ChannelA-DIMM1
	Bank Locator: BANK 0
	Type: Unknown
	Type Detail: None
	Speed: Unknown
	Manufacturer: Not Specified
	Serial Number: Not Specified
	Asset Tag: Not Specified
	Part Number: Not Specified
	Rank: Unknown
	Configured Clock Speed: Unknown
	Minimum Voltage: Unknown
	Maximum Voltage: Unknown
	Configured Voltage: Unknown

Handle 0x0047, DMI type 17, 40 bytes
Memory Device
	Array Handle: 0x0045
	Error Information Handle: Not Provided
	Total Width: 64 bits
	Data Width: 64 bits
	Size: 8192 MB
	Form Factor: DIMM
	Set: None
	Locator: ChannelA-DIMM2
	Bank Locator: BANK 1
	Type: DDR4
	Type Detail: Synchronous
	Speed: 2133 MT/s
	Manufacturer: Corsair
	Serial Number: 00000000
	Asset Tag: 9876543210
	Part Number: CMK16GX4M2A2400C16  
	Rank: 1
	Configured Clock Speed: 2133 MT/s
	Minimum Voltage: 1.2 V
	Maximum Voltage: 1.2 V
	Configured Voltage: 1.2 V

Handle 0x0048, DMI type 17, 40 bytes
Memory Device
	Array Handle: 0x0045
	Error Information Handle: Not Provided
	Total Width: Unknown
	Data Width: Unknown
	Size: No Module Installed
	Form Factor: Unknown
	Set: None
	Locator: ChannelB-DIMM1
	Bank Locator: BANK 2
	Type: Unknown
	Type Detail: None
	Speed: Unknown
	Manufacturer: Not Specified
	Serial Number: Not Specified
	Asset Tag: Not Specified
	Part Number: Not Specified
	Rank: Unknown
	Configured Clock Speed: Unknown
	Minimum Voltage: Unknown
	Maximum Voltage: Unknown
	Configured Voltage: Unknown

Handle 0x0049, DMI type 17, 40 bytes
Memory Device
	Array Handle: 0x0045
	Error Information Handle: Not Provided
	Total Width: 64 bits
	Data Width: 64 bits
	Size: 8192 MB
	Form Factor: DIMM
	Set: None
	Locator: ChannelB-DIMM2
	Bank Locator: BANK 3
	Type: DDR4
	Type Detail: Synchronous
	Speed: 2133 MT/s
	Manufacturer: Corsair
	Serial Number: 00000000
	Asset Tag: 9876543210
	Part Number: CMK16GX4M2A2400C16  
	Rank: 1
	Configured Clock Speed: 2133 MT/s
	Minimum Voltage: 1.2 V
	Maximum Voltage: 1.2 V
	Configured Voltage: 1.2 V


####################
###### HDD DEV #####
####################

###### /dev/sda ####
smartctl 6.6 2016-05-31 r4324 [x86_64-linux-4.15.0-42-generic] (local build)
Copyright (C) 2002-16, Bruce Allen, Christian Franke, www.smartmontools.org

=== START OF INFORMATION SECTION ===
Model Family:     Samsung based SSDs
Device Model:     Samsung SSD 850 EVO 500GB
Serial Number:    S21HNXBG560088Y
LU WWN Device Id: 5 002538 d401992ec
Firmware Version: EMT02B6Q
User Capacity:    500.107.862.016 bytes [500 GB]
Sector Size:      512 bytes logical/physical
Rotation Rate:    Solid State Device
Device is:        In smartctl database [for details use: -P show]
ATA Version is:   ACS-2, ATA8-ACS T13/1699-D revision 4c
SATA Version is:  SATA 3.1, 6.0 Gb/s (current: 6.0 Gb/s)
Local Time is:    Wed Dec 12 17:23:26 2018 CET
SMART support is: Available - device has SMART capability.
SMART support is: Enabled


###### /dev/sdb ####
smartctl 6.6 2016-05-31 r4324 [x86_64-linux-4.15.0-42-generic] (local build)
Copyright (C) 2002-16, Bruce Allen, Christian Franke, www.smartmontools.org

=== START OF INFORMATION SECTION ===
Device Model:     SanDisk SSD PLUS 120GB
Serial Number:    182050805605
LU WWN Device Id: 5 001b44 8b67359b1
Firmware Version: UE4500RL
User Capacity:    120.040.980.480 bytes [120 GB]
Sector Size:      512 bytes logical/physical
Rotation Rate:    Solid State Device
Form Factor:      2.5 inches
Device is:        Not in smartctl database [for details use: -P showall]
ATA Version is:   ACS-2 T13/2015-D revision 3
SATA Version is:  SATA 3.2, 6.0 Gb/s (current: 6.0 Gb/s)
Local Time is:    Wed Dec 12 17:23:26 2018 CET
SMART support is: Available - device has SMART capability.
SMART support is: Enabled


###### /dev/sdc ####
smartctl 6.6 2016-05-31 r4324 [x86_64-linux-4.15.0-42-generic] (local build)
Copyright (C) 2002-16, Bruce Allen, Christian Franke, www.smartmontools.org

=== START OF INFORMATION SECTION ===
Model Family:     Seagate Desktop HDD.15
Device Model:     ST4000DM000-1F2168
Serial Number:    Z303PE8F
LU WWN Device Id: 5 000c50 07b1441dc
Firmware Version: CC54
User Capacity:    4.000.787.030.016 bytes [4,00 TB]
Sector Sizes:     512 bytes logical, 4096 bytes physical
Rotation Rate:    5900 rpm
Form Factor:      3.5 inches
Device is:        In smartctl database [for details use: -P show]
ATA Version is:   ACS-2, ACS-3 T13/2161-D revision 3b
SATA Version is:  SATA 3.1, 6.0 Gb/s (current: 6.0 Gb/s)
Local Time is:    Wed Dec 12 17:23:26 2018 CET
SMART support is: Available - device has SMART capability.
SMART support is: Enabled



####################
###### OS RLSE #####
####################

###### /etc/lsb-release ####
DISTRIB_ID=Ubuntu
DISTRIB_RELEASE=18.04
DISTRIB_CODENAME=bionic
DISTRIB_DESCRIPTION="Ubuntu 18.04.1 LTS"

###### /etc/os-release ####
NAME="Ubuntu"
VERSION="18.04.1 LTS (Bionic Beaver)"
ID=ubuntu
ID_LIKE=debian
PRETTY_NAME="Ubuntu 18.04.1 LTS"
VERSION_ID="18.04"
HOME_URL="https://www.ubuntu.com/"
SUPPORT_URL="https://help.ubuntu.com/"
BUG_REPORT_URL="https://bugs.launchpad.net/ubuntu/"
PRIVACY_POLICY_URL="https://www.ubuntu.com/legal/terms-and-policies/privacy-policy"
VERSION_CODENAME=bionic
UBUNTU_CODENAME=bionic


####################
###### KERNEL ######
####################
Linux tiger 4.15.0-42-generic #45-Ubuntu SMP Thu Nov 15 19:32:57 UTC 2018 x86_64 x86_64 x86_64 GNU/Linux


